Archive member included because of file (symbol)

e:/imt/sdk/imt_sdk_win_64/winavr/bin/../lib/gcc/avr/4.3.3/avr5\libgcc.a(_exit.o)
                              e:/imt/sdk/imt_sdk_win_64/winavr/bin/../lib/gcc/avr/4.3.3/../../../../avr/lib/avr5/crtm32.o (exit)
e:/imt/sdk/imt_sdk_win_64/winavr/bin/../lib/gcc/avr/4.3.3/avr5\libgcc.a(_copy_data.o)
                              ./UART_cfg.o (__do_copy_data)
e:/imt/sdk/imt_sdk_win_64/winavr/bin/../lib/gcc/avr/4.3.3/avr5\libgcc.a(_clear_bss.o)
                              ./UserTasks.o (__do_clear_bss)
e:/imt/sdk/imt_sdk_win_64/winavr/bin/../lib/gcc/avr/4.3.3/../../../../avr/lib/avr5\libc.a(memcpy.o)
                              ./queue.o (memcpy)
e:/imt/sdk/imt_sdk_win_64/winavr/bin/../lib/gcc/avr/4.3.3/../../../../avr/lib/avr5\libc.a(memset.o)
                              ./stream_buffer.o (memset)
e:/imt/sdk/imt_sdk_win_64/winavr/bin/../lib/gcc/avr/4.3.3/../../../../avr/lib/avr5\libc.a(itoa.o)
                              ./lcd.o (itoa)
e:/imt/sdk/imt_sdk_win_64/winavr/bin/../lib/gcc/avr/4.3.3/../../../../avr/lib/avr5\libc.a(strrev.o)
                              e:/imt/sdk/imt_sdk_win_64/winavr/bin/../lib/gcc/avr/4.3.3/../../../../avr/lib/avr5\libc.a(itoa.o) (strrev)
e:/imt/sdk/imt_sdk_win_64/winavr/bin/../lib/gcc/avr/4.3.3/avr5\libgcc.a(_udivmodhi4.o)
                              e:/imt/sdk/imt_sdk_win_64/winavr/bin/../lib/gcc/avr/4.3.3/../../../../avr/lib/avr5\libc.a(itoa.o) (__udivmodhi4)

Memory Configuration

Name             Origin             Length             Attributes
text             0x00000000         0x00020000         xr
data             0x00800060         0x0000ffa0         rw !x
eeprom           0x00810000         0x00010000         rw !x
fuse             0x00820000         0x00000400         rw !x
lock             0x00830000         0x00000400         rw !x
signature        0x00840000         0x00000400         rw !x
*default*        0x00000000         0xffffffff

Linker script and memory map

LOAD e:/imt/sdk/imt_sdk_win_64/winavr/bin/../lib/gcc/avr/4.3.3/../../../../avr/lib/avr5/crtm32.o
LOAD ./DIO.o
LOAD ./PushButton.o
LOAD ./UART.o
LOAD ./UART_cfg.o
LOAD ./UserTasks.o
LOAD ./croutine.o
LOAD ./event_groups.o
LOAD ./heap_1.o
LOAD ./keypad.o
LOAD ./lcd.o
LOAD ./list.o
LOAD ./main.o
LOAD ./port.o
LOAD ./queue.o
LOAD ./stream_buffer.o
LOAD ./tasks.o
LOAD ./timers.o
LOAD e:/imt/sdk/imt_sdk_win_64/winavr/bin/../lib/gcc/avr/4.3.3/avr5\libgcc.a
LOAD e:/imt/sdk/imt_sdk_win_64/winavr/bin/../lib/gcc/avr/4.3.3/../../../../avr/lib/avr5\libc.a
LOAD e:/imt/sdk/imt_sdk_win_64/winavr/bin/../lib/gcc/avr/4.3.3/avr5\libgcc.a

.hash
 *(.hash)

.dynsym
 *(.dynsym)

.dynstr
 *(.dynstr)

.gnu.version
 *(.gnu.version)

.gnu.version_d
 *(.gnu.version_d)

.gnu.version_r
 *(.gnu.version_r)

.rel.init
 *(.rel.init)

.rela.init
 *(.rela.init)

.rel.text
 *(.rel.text)
 *(.rel.text.*)
 *(.rel.gnu.linkonce.t*)

.rela.text
 *(.rela.text)
 *(.rela.text.*)
 *(.rela.gnu.linkonce.t*)

.rel.fini
 *(.rel.fini)

.rela.fini
 *(.rela.fini)

.rel.rodata
 *(.rel.rodata)
 *(.rel.rodata.*)
 *(.rel.gnu.linkonce.r*)

.rela.rodata
 *(.rela.rodata)
 *(.rela.rodata.*)
 *(.rela.gnu.linkonce.r*)

.rel.data
 *(.rel.data)
 *(.rel.data.*)
 *(.rel.gnu.linkonce.d*)

.rela.data
 *(.rela.data)
 *(.rela.data.*)
 *(.rela.gnu.linkonce.d*)

.rel.ctors
 *(.rel.ctors)

.rela.ctors
 *(.rela.ctors)

.rel.dtors
 *(.rel.dtors)

.rela.dtors
 *(.rela.dtors)

.rel.got
 *(.rel.got)

.rela.got
 *(.rela.got)

.rel.bss
 *(.rel.bss)

.rela.bss
 *(.rela.bss)

.rel.plt
 *(.rel.plt)

.rela.plt
 *(.rela.plt)

.text           0x00000000     0x5ffa
 *(.vectors)
 .vectors       0x00000000       0x54 e:/imt/sdk/imt_sdk_win_64/winavr/bin/../lib/gcc/avr/4.3.3/../../../../avr/lib/avr5/crtm32.o
                0x00000000                __vectors
                0x00000000                __vector_default
 *(.vectors)
 *(.progmem.gcc*)
 *(.progmem*)
                0x00000054                . = ALIGN (0x2)
                0x00000054                __trampolines_start = .
 *(.trampolines)
 .trampolines   0x00000054        0x0 linker stubs
 *(.trampolines*)
                0x00000054                __trampolines_end = .
 *(.jumptables)
 *(.jumptables*)
 *(.lowtext)
 *(.lowtext*)
                0x00000054                __ctors_start = .
 *(.ctors)
                0x00000054                __ctors_end = .
                0x00000054                __dtors_start = .
 *(.dtors)
                0x00000054                __dtors_end = .
 SORT(*)(.ctors)
 SORT(*)(.dtors)
 *(.init0)
 .init0         0x00000054        0x0 e:/imt/sdk/imt_sdk_win_64/winavr/bin/../lib/gcc/avr/4.3.3/../../../../avr/lib/avr5/crtm32.o
                0x00000054                __init
 *(.init0)
 *(.init1)
 *(.init1)
 *(.init2)
 .init2         0x00000054        0xc e:/imt/sdk/imt_sdk_win_64/winavr/bin/../lib/gcc/avr/4.3.3/../../../../avr/lib/avr5/crtm32.o
 *(.init2)
 *(.init3)
 *(.init3)
 *(.init4)
 .init4         0x00000060       0x16 e:/imt/sdk/imt_sdk_win_64/winavr/bin/../lib/gcc/avr/4.3.3/avr5\libgcc.a(_copy_data.o)
                0x00000060                __do_copy_data
 .init4         0x00000076       0x10 e:/imt/sdk/imt_sdk_win_64/winavr/bin/../lib/gcc/avr/4.3.3/avr5\libgcc.a(_clear_bss.o)
                0x00000076                __do_clear_bss
 *(.init4)
 *(.init5)
 *(.init5)
 *(.init6)
 *(.init6)
 *(.init7)
 *(.init7)
 *(.init8)
 *(.init8)
 *(.init9)
 .init9         0x00000086        0x8 e:/imt/sdk/imt_sdk_win_64/winavr/bin/../lib/gcc/avr/4.3.3/../../../../avr/lib/avr5/crtm32.o
 *(.init9)
 *(.text)
 .text          0x0000008e        0x4 e:/imt/sdk/imt_sdk_win_64/winavr/bin/../lib/gcc/avr/4.3.3/../../../../avr/lib/avr5/crtm32.o
                0x0000008e                __vector_1
                0x0000008e                __vector_12
                0x0000008e                __bad_interrupt
                0x0000008e                __vector_6
                0x0000008e                __vector_3
                0x0000008e                __vector_11
                0x0000008e                __vector_13
                0x0000008e                __vector_17
                0x0000008e                __vector_19
                0x0000008e                __vector_5
                0x0000008e                __vector_4
                0x0000008e                __vector_9
                0x0000008e                __vector_2
                0x0000008e                __vector_15
                0x0000008e                __vector_8
                0x0000008e                __vector_14
                0x0000008e                __vector_10
                0x0000008e                __vector_16
                0x0000008e                __vector_18
                0x0000008e                __vector_20
 .text          0x00000092        0x0 ./DIO.o
 .text          0x00000092        0x0 ./PushButton.o
 .text          0x00000092        0x0 ./UART.o
 .text          0x00000092        0x0 ./UART_cfg.o
 .text          0x00000092        0x0 ./UserTasks.o
 .text          0x00000092        0x0 ./croutine.o
 .text          0x00000092        0x0 ./event_groups.o
 .text          0x00000092        0x0 ./heap_1.o
 .text          0x00000092        0x0 ./keypad.o
 .text          0x00000092        0x0 ./lcd.o
 .text          0x00000092        0x0 ./list.o
 .text          0x00000092        0x0 ./main.o
 .text          0x00000092        0x0 ./port.o
 .text          0x00000092        0x0 ./queue.o
 .text          0x00000092        0x0 ./stream_buffer.o
 .text          0x00000092        0x0 ./tasks.o
 .text          0x00000092        0x0 ./timers.o
 .text          0x00000092        0x0 e:/imt/sdk/imt_sdk_win_64/winavr/bin/../lib/gcc/avr/4.3.3/avr5\libgcc.a(_exit.o)
 .text          0x00000092        0x0 e:/imt/sdk/imt_sdk_win_64/winavr/bin/../lib/gcc/avr/4.3.3/avr5\libgcc.a(_copy_data.o)
 .text          0x00000092        0x0 e:/imt/sdk/imt_sdk_win_64/winavr/bin/../lib/gcc/avr/4.3.3/avr5\libgcc.a(_clear_bss.o)
 .text          0x00000092        0x0 e:/imt/sdk/imt_sdk_win_64/winavr/bin/../lib/gcc/avr/4.3.3/../../../../avr/lib/avr5\libc.a(memcpy.o)
 .text          0x00000092        0x0 e:/imt/sdk/imt_sdk_win_64/winavr/bin/../lib/gcc/avr/4.3.3/../../../../avr/lib/avr5\libc.a(memset.o)
 .text          0x00000092        0x0 e:/imt/sdk/imt_sdk_win_64/winavr/bin/../lib/gcc/avr/4.3.3/../../../../avr/lib/avr5\libc.a(itoa.o)
 .text          0x00000092        0x0 e:/imt/sdk/imt_sdk_win_64/winavr/bin/../lib/gcc/avr/4.3.3/../../../../avr/lib/avr5\libc.a(strrev.o)
 .text          0x00000092        0x0 e:/imt/sdk/imt_sdk_win_64/winavr/bin/../lib/gcc/avr/4.3.3/avr5\libgcc.a(_udivmodhi4.o)
                0x00000092                . = ALIGN (0x2)
 *(.text.*)
 .text.DIO_WritePin
                0x00000092      0x1de ./DIO.o
                0x00000092                DIO_WritePin
 .text.DIO_ReadPin
                0x00000270       0xe4 ./DIO.o
                0x00000270                DIO_ReadPin
 .text.DIO_SetPinDirection
                0x00000354      0x1de ./DIO.o
                0x00000354                DIO_SetPinDirection
 .text.PushButton_Init
                0x00000532       0x1e ./PushButton.o
                0x00000532                PushButton_Init
 .text.Buttons_getPressedButton
                0x00000550       0x36 ./PushButton.o
                0x00000550                Buttons_getPressedButton
 .text.UART_Init
                0x00000586      0x2c6 ./UART.o
                0x00000586                UART_Init
 .text.UART_ReceiveChar
                0x0000084c       0x6c ./UART.o
                0x0000084c                UART_ReceiveChar
 .text.UART_SendChar
                0x000008b8       0x70 ./UART.o
                0x000008b8                UART_SendChar
 .text.UART_Receive
                0x00000928       0x6e ./UART.o
                0x00000928                UART_Receive
 .text.UART_Send
                0x00000996       0x6c ./UART.o
                0x00000996                UART_Send
 .text.UART_StartComm
                0x00000a02       0x6a ./UART.o
                0x00000a02                UART_StartComm
 .text.UART_StopComm
                0x00000a6c       0xac ./UART.o
                0x00000a6c                UART_StopComm
 .text.UART_EmptyRegisterInterrupt
                0x00000b18       0x48 ./UART.o
                0x00000b18                UART_EmptyRegisterInterrupt
 .text.UART_ReceiveInterrupt
                0x00000b60       0x48 ./UART.o
                0x00000b60                UART_ReceiveInterrupt
 .text.UART_transmitInterrupt
                0x00000ba8       0x48 ./UART.o
                0x00000ba8                UART_transmitInterrupt
 .text.init_Task
                0x00000bf0      0x112 ./UserTasks.o
                0x00000bf0                init_Task
 .text.PushButton_Task
                0x00000d02      0x12a ./UserTasks.o
                0x00000d02                PushButton_Task
 .text.KeyPad_Task
                0x00000e2c       0xb0 ./UserTasks.o
                0x00000e2c                KeyPad_Task
 .text.LCD_Task
                0x00000edc      0x206 ./UserTasks.o
                0x00000edc                LCD_Task
 .text.UART_Task
                0x000010e2       0xae ./UserTasks.o
                0x000010e2                UART_Task
 .text.LED_Task
                0x00001190       0xc8 ./UserTasks.o
                0x00001190                LED_Task
 .text.xEventGroupCreate
                0x00001258       0x3e ./event_groups.o
                0x00001258                xEventGroupCreate
 .text.xEventGroupSync
                0x00001296      0x172 ./event_groups.o
                0x00001296                xEventGroupSync
 .text.xEventGroupWaitBits
                0x00001408      0x18c ./event_groups.o
                0x00001408                xEventGroupWaitBits
 .text.xEventGroupClearBits
                0x00001594       0x6c ./event_groups.o
                0x00001594                xEventGroupClearBits
 .text.xEventGroupGetBitsFromISR
                0x00001600       0x44 ./event_groups.o
                0x00001600                xEventGroupGetBitsFromISR
 .text.xEventGroupSetBits
                0x00001644      0x164 ./event_groups.o
                0x00001644                xEventGroupSetBits
 .text.vEventGroupDelete
                0x000017a8       0x62 ./event_groups.o
                0x000017a8                vEventGroupDelete
 .text.vEventGroupSetBitsCallback
                0x0000180a       0x3a ./event_groups.o
                0x0000180a                vEventGroupSetBitsCallback
 .text.vEventGroupClearBitsCallback
                0x00001844       0x3a ./event_groups.o
                0x00001844                vEventGroupClearBitsCallback
 .text.prvTestWaitCondition
                0x0000187e       0x64 ./event_groups.o
 .text.pvPortMalloc
                0x000018e2       0xac ./heap_1.o
                0x000018e2                pvPortMalloc
 .text.vPortFree
                0x0000198e       0x18 ./heap_1.o
                0x0000198e                vPortFree
 .text.vPortInitialiseBlocks
                0x000019a6       0x16 ./heap_1.o
                0x000019a6                vPortInitialiseBlocks
 .text.xPortGetFreeHeapSize
                0x000019bc       0x1e ./heap_1.o
                0x000019bc                xPortGetFreeHeapSize
 .text.KeyPad_Init
                0x000019da       0x6e ./keypad.o
                0x000019da                KeyPad_Init
 .text.KeyPad_getPressedKey
                0x00001a48       0xb4 ./keypad.o
                0x00001a48                KeyPad_getPressedKey
 .text.KeyPad_3x3_switch
                0x00001afc      0x100 ./keypad.o
 .text.LCD_init
                0x00001bfc       0x42 ./lcd.o
                0x00001bfc                LCD_init
 .text.LCD_sendCommand
                0x00001c3e       0xda ./lcd.o
                0x00001c3e                LCD_sendCommand
 .text.LCD_displayCharacter
                0x00001d18       0xda ./lcd.o
                0x00001d18                LCD_displayCharacter
 .text.LCD_displayString
                0x00001df2       0x52 ./lcd.o
                0x00001df2                LCD_displayString
 .text.LCD_goToRowColumn
                0x00001e44       0x84 ./lcd.o
                0x00001e44                LCD_goToRowColumn
 .text.LCD_displayStringRowColumn
                0x00001ec8       0x32 ./lcd.o
                0x00001ec8                LCD_displayStringRowColumn
 .text.LCD_clearScreen
                0x00001efa       0x14 ./lcd.o
                0x00001efa                LCD_clearScreen
 .text.LCD_intgerToString
                0x00001f0e       0x52 ./lcd.o
                0x00001f0e                LCD_intgerToString
 .text.vListInitialise
                0x00001f60       0x54 ./list.o
                0x00001f60                vListInitialise
 .text.vListInitialiseItem
                0x00001fb4       0x20 ./list.o
                0x00001fb4                vListInitialiseItem
 .text.vListInsertEnd
                0x00001fd4       0x88 ./list.o
                0x00001fd4                vListInsertEnd
 .text.vListInsert
                0x0000205c       0xd8 ./list.o
                0x0000205c                vListInsert
 .text.uxListRemove
                0x00002134       0x98 ./list.o
                0x00002134                uxListRemove
 .text.main     0x000021cc       0x3a ./main.o
                0x000021cc                main
 .text.pxPortInitialiseStack
                0x00002206      0x306 ./port.o
                0x00002206                pxPortInitialiseStack
 .text.xPortStartScheduler
                0x0000250c       0x6a ./port.o
                0x0000250c                xPortStartScheduler
 .text.vPortEndScheduler
                0x00002576        0xe ./port.o
                0x00002576                vPortEndScheduler
 .text.vPortYield
                0x00002584       0xb2 ./port.o
                0x00002584                vPortYield
 .text.vPortYieldFromTick
                0x00002636       0xba ./port.o
                0x00002636                vPortYieldFromTick
 .text.prvSetupTimerInterrupt
                0x000026f0       0xb8 ./port.o
 .text.__vector_7
                0x000027a8        0x6 ./port.o
                0x000027a8                __vector_7
 .text.xQueueGenericReset
                0x000027ae      0x10c ./queue.o
                0x000027ae                xQueueGenericReset
 .text.xQueueGenericCreate
                0x000028ba       0xa2 ./queue.o
                0x000028ba                xQueueGenericCreate
 .text.prvInitialiseNewQueue
                0x0000295c       0x76 ./queue.o
 .text.xQueueGenericSend
                0x000029d2      0x158 ./queue.o
                0x000029d2                xQueueGenericSend
 .text.xQueueGenericSendFromISR
                0x00002b2a       0xb0 ./queue.o
                0x00002b2a                xQueueGenericSendFromISR
 .text.xQueueGiveFromISR
                0x00002bda       0xa2 ./queue.o
                0x00002bda                xQueueGiveFromISR
 .text.xQueueReceive
                0x00002c7c      0x156 ./queue.o
                0x00002c7c                xQueueReceive
 .text.xQueueSemaphoreTake
                0x00002dd2      0x144 ./queue.o
                0x00002dd2                xQueueSemaphoreTake
 .text.xQueuePeek
                0x00002f16      0x164 ./queue.o
                0x00002f16                xQueuePeek
 .text.xQueueReceiveFromISR
                0x0000307a       0xae ./queue.o
                0x0000307a                xQueueReceiveFromISR
 .text.xQueuePeekFromISR
                0x00003128       0x72 ./queue.o
                0x00003128                xQueuePeekFromISR
 .text.uxQueueMessagesWaiting
                0x0000319a       0x30 ./queue.o
                0x0000319a                uxQueueMessagesWaiting
 .text.uxQueueSpacesAvailable
                0x000031ca       0x4a ./queue.o
                0x000031ca                uxQueueSpacesAvailable
 .text.uxQueueMessagesWaitingFromISR
                0x00003214       0x34 ./queue.o
                0x00003214                uxQueueMessagesWaitingFromISR
 .text.vQueueDelete
                0x00003248       0x2e ./queue.o
                0x00003248                vQueueDelete
 .text.prvCopyDataToQueue
                0x00003276      0x14c ./queue.o
 .text.prvCopyDataFromQueue
                0x000033c2       0x8e ./queue.o
 .text.prvUnlockQueue
                0x00003450       0xa6 ./queue.o
 .text.prvIsQueueEmpty
                0x000034f6       0x3a ./queue.o
 .text.xQueueIsQueueEmptyFromISR
                0x00003530       0x3e ./queue.o
                0x00003530                xQueueIsQueueEmptyFromISR
 .text.prvIsQueueFull
                0x0000356e       0x40 ./queue.o
 .text.xQueueIsQueueFullFromISR
                0x000035ae       0x44 ./queue.o
                0x000035ae                xQueueIsQueueFullFromISR
 .text.xStreamBufferGenericCreate
                0x000035f2       0x98 ./stream_buffer.o
                0x000035f2                xStreamBufferGenericCreate
 .text.vStreamBufferDelete
                0x0000368a       0x52 ./stream_buffer.o
                0x0000368a                vStreamBufferDelete
 .text.xStreamBufferReset
                0x000036dc       0x84 ./stream_buffer.o
                0x000036dc                xStreamBufferReset
 .text.xStreamBufferSetTriggerLevel
                0x00003760       0x6e ./stream_buffer.o
                0x00003760                xStreamBufferSetTriggerLevel
 .text.xStreamBufferSpacesAvailable
                0x000037ce       0x8c ./stream_buffer.o
                0x000037ce                xStreamBufferSpacesAvailable
 .text.xStreamBufferBytesAvailable
                0x0000385a       0x3c ./stream_buffer.o
                0x0000385a                xStreamBufferBytesAvailable
 .text.xStreamBufferSend
                0x00003896      0x190 ./stream_buffer.o
                0x00003896                xStreamBufferSend
 .text.xStreamBufferSendFromISR
                0x00003a26       0xfa ./stream_buffer.o
                0x00003a26                xStreamBufferSendFromISR
 .text.prvWriteMessageToBuffer
                0x00003b20       0xe4 ./stream_buffer.o
 .text.xStreamBufferReceive
                0x00003c04      0x174 ./stream_buffer.o
                0x00003c04                xStreamBufferReceive
 .text.xStreamBufferNextMessageLengthBytes
                0x00003d78       0xa4 ./stream_buffer.o
                0x00003d78                xStreamBufferNextMessageLengthBytes
 .text.xStreamBufferReceiveFromISR
                0x00003e1c       0xf0 ./stream_buffer.o
                0x00003e1c                xStreamBufferReceiveFromISR
 .text.prvReadMessageFromBuffer
                0x00003f0c       0xd8 ./stream_buffer.o
 .text.xStreamBufferIsEmpty
                0x00003fe4       0x5a ./stream_buffer.o
                0x00003fe4                xStreamBufferIsEmpty
 .text.xStreamBufferIsFull
                0x0000403e       0x70 ./stream_buffer.o
                0x0000403e                xStreamBufferIsFull
 .text.xStreamBufferSendCompletedFromISR
                0x000040ae       0x86 ./stream_buffer.o
                0x000040ae                xStreamBufferSendCompletedFromISR
 .text.xStreamBufferReceiveCompletedFromISR
                0x00004134       0x86 ./stream_buffer.o
                0x00004134                xStreamBufferReceiveCompletedFromISR
 .text.prvWriteBytesToBuffer
                0x000041ba      0x11a ./stream_buffer.o
 .text.prvReadBytesFromBuffer
                0x000042d4      0x15a ./stream_buffer.o
 .text.prvBytesInBuffer
                0x0000442e       0x74 ./stream_buffer.o
 .text.prvInitialiseNewStreamBuffer
                0x000044a2       0x78 ./stream_buffer.o
 .text.xTaskCreate
                0x0000451a       0xf0 ./tasks.o
                0x0000451a                xTaskCreate
 .text.prvInitialiseNewTask
                0x0000460a      0x178 ./tasks.o
 .text.prvAddNewTaskToReadyList
                0x00004782       0xf0 ./tasks.o
 .text.vTaskDelete
                0x00004872       0xe4 ./tasks.o
                0x00004872                vTaskDelete
 .text.vTaskDelay
                0x00004956       0x44 ./tasks.o
                0x00004956                vTaskDelay
 .text.vTaskSuspend
                0x0000499a       0xe8 ./tasks.o
                0x0000499a                vTaskSuspend
 .text.prvTaskIsTaskSuspended
                0x00004a82       0x5e ./tasks.o
 .text.vTaskResume
                0x00004ae0       0xc8 ./tasks.o
                0x00004ae0                vTaskResume
 .text.xTaskResumeFromISR
                0x00004ba8       0xcc ./tasks.o
                0x00004ba8                xTaskResumeFromISR
 .text.vTaskStartScheduler
                0x00004c74       0x64 ./tasks.o
                0x00004c74                vTaskStartScheduler
 .text.vTaskEndScheduler
                0x00004cd8       0x18 ./tasks.o
                0x00004cd8                vTaskEndScheduler
 .text.vTaskSuspendAll
                0x00004cf0       0x18 ./tasks.o
                0x00004cf0                vTaskSuspendAll
 .text.xTaskResumeAll
                0x00004d08      0x126 ./tasks.o
                0x00004d08                xTaskResumeAll
 .text.xTaskGetTickCount
                0x00004e2e       0x2e ./tasks.o
                0x00004e2e                xTaskGetTickCount
 .text.xTaskGetTickCountFromISR
                0x00004e5c       0x2a ./tasks.o
                0x00004e5c                xTaskGetTickCountFromISR
 .text.uxTaskGetNumberOfTasks
                0x00004e86       0x12 ./tasks.o
                0x00004e86                uxTaskGetNumberOfTasks
 .text.pcTaskGetName
                0x00004e98       0x50 ./tasks.o
                0x00004e98                pcTaskGetName
 .text.xTaskIncrementTick
                0x00004ee8      0x1ca ./tasks.o
                0x00004ee8                xTaskIncrementTick
 .text.vTaskSwitchContext
                0x000050b2       0xda ./tasks.o
                0x000050b2                vTaskSwitchContext
 .text.vTaskPlaceOnEventList
                0x0000518c       0x44 ./tasks.o
                0x0000518c                vTaskPlaceOnEventList
 .text.vTaskPlaceOnUnorderedEventList
                0x000051d0       0x60 ./tasks.o
                0x000051d0                vTaskPlaceOnUnorderedEventList
 .text.xTaskRemoveFromEventList
                0x00005230       0xd6 ./tasks.o
                0x00005230                xTaskRemoveFromEventList
 .text.vTaskRemoveFromUnorderedEventList
                0x00005306       0xba ./tasks.o
                0x00005306                vTaskRemoveFromUnorderedEventList
 .text.vTaskSetTimeOutState
                0x000053c0       0x3c ./tasks.o
                0x000053c0                vTaskSetTimeOutState
 .text.vTaskInternalSetTimeOutState
                0x000053fc       0x32 ./tasks.o
                0x000053fc                vTaskInternalSetTimeOutState
 .text.xTaskCheckForTimeOut
                0x0000542e       0xda ./tasks.o
                0x0000542e                xTaskCheckForTimeOut
 .text.vTaskMissedYield
                0x00005508       0x14 ./tasks.o
                0x00005508                vTaskMissedYield
 .text.prvIdleTask
                0x0000551c       0x14 ./tasks.o
 .text.prvInitialiseTaskLists
                0x00005530       0x82 ./tasks.o
 .text.prvCheckTasksWaitingTermination
                0x000055b2       0x5e ./tasks.o
 .text.prvDeleteTCB
                0x00005610       0x2c ./tasks.o
 .text.prvResetNextTaskUnblockTime
                0x0000563c       0x56 ./tasks.o
 .text.xTaskGetCurrentTaskHandle
                0x00005692       0x24 ./tasks.o
                0x00005692                xTaskGetCurrentTaskHandle
 .text.uxTaskResetEventItemValue
                0x000056b6       0x4e ./tasks.o
                0x000056b6                uxTaskResetEventItemValue
 .text.ulTaskNotifyTake
                0x00005704       0xee ./tasks.o
                0x00005704                ulTaskNotifyTake
 .text.xTaskNotifyWait
                0x000057f2      0x138 ./tasks.o
                0x000057f2                xTaskNotifyWait
 .text.xTaskGenericNotify
                0x0000592a      0x1ba ./tasks.o
                0x0000592a                xTaskGenericNotify
 .text.xTaskGenericNotifyFromISR
                0x00005ae4      0x1f0 ./tasks.o
                0x00005ae4                xTaskGenericNotifyFromISR
 .text.vTaskNotifyGiveFromISR
                0x00005cd4      0x10c ./tasks.o
                0x00005cd4                vTaskNotifyGiveFromISR
 .text.xTaskNotifyStateClear
                0x00005de0       0x74 ./tasks.o
                0x00005de0                xTaskNotifyStateClear
 .text.prvAddCurrentTaskToDelayedList
                0x00005e54       0xf8 ./tasks.o
 .text.libgcc   0x00005f4c        0x0 e:/imt/sdk/imt_sdk_win_64/winavr/bin/../lib/gcc/avr/4.3.3/avr5\libgcc.a(_exit.o)
 .text.libgcc   0x00005f4c        0x0 e:/imt/sdk/imt_sdk_win_64/winavr/bin/../lib/gcc/avr/4.3.3/avr5\libgcc.a(_copy_data.o)
 .text.libgcc   0x00005f4c        0x0 e:/imt/sdk/imt_sdk_win_64/winavr/bin/../lib/gcc/avr/4.3.3/avr5\libgcc.a(_clear_bss.o)
 .text.avr-libc
                0x00005f4c       0x12 e:/imt/sdk/imt_sdk_win_64/winavr/bin/../lib/gcc/avr/4.3.3/../../../../avr/lib/avr5\libc.a(memcpy.o)
                0x00005f4c                memcpy
 .text.avr-libc
                0x00005f5e        0xe e:/imt/sdk/imt_sdk_win_64/winavr/bin/../lib/gcc/avr/4.3.3/../../../../avr/lib/avr5\libc.a(memset.o)
                0x00005f5e                memset
 .text.avr-libc
                0x00005f6c       0x42 e:/imt/sdk/imt_sdk_win_64/winavr/bin/../lib/gcc/avr/4.3.3/../../../../avr/lib/avr5\libc.a(itoa.o)
                0x00005f6c                itoa
 .text.avr-libc
                0x00005fae       0x20 e:/imt/sdk/imt_sdk_win_64/winavr/bin/../lib/gcc/avr/4.3.3/../../../../avr/lib/avr5\libc.a(strrev.o)
                0x00005fae                strrev
 .text.libgcc   0x00005fce       0x28 e:/imt/sdk/imt_sdk_win_64/winavr/bin/../lib/gcc/avr/4.3.3/avr5\libgcc.a(_udivmodhi4.o)
                0x00005fce                __udivmodhi4
                0x00005ff6                . = ALIGN (0x2)
 *(.fini9)
 .fini9         0x00005ff6        0x0 e:/imt/sdk/imt_sdk_win_64/winavr/bin/../lib/gcc/avr/4.3.3/avr5\libgcc.a(_exit.o)
                0x00005ff6                exit
                0x00005ff6                _exit
 *(.fini9)
 *(.fini8)
 *(.fini8)
 *(.fini7)
 *(.fini7)
 *(.fini6)
 *(.fini6)
 *(.fini5)
 *(.fini5)
 *(.fini4)
 *(.fini4)
 *(.fini3)
 *(.fini3)
 *(.fini2)
 *(.fini2)
 *(.fini1)
 *(.fini1)
 *(.fini0)
 .fini0         0x00005ff6        0x4 e:/imt/sdk/imt_sdk_win_64/winavr/bin/../lib/gcc/avr/4.3.3/avr5\libgcc.a(_exit.o)
 *(.fini0)
                0x00005ffa                _etext = .

.data           0x00800060       0x86 load address 0x00005ffa
                0x00800060                PROVIDE (__data_start, .)
 *(.data)
 .data          0x00800060        0x0 e:/imt/sdk/imt_sdk_win_64/winavr/bin/../lib/gcc/avr/4.3.3/../../../../avr/lib/avr5/crtm32.o
 .data          0x00800060        0x0 ./DIO.o
 .data          0x00800060        0x0 ./PushButton.o
 .data          0x00800060        0x0 ./UART.o
 .data          0x00800060        0x0 ./UART_cfg.o
 .data          0x00800060       0x69 ./UserTasks.o
 .data          0x008000c9        0x0 ./croutine.o
 .data          0x008000c9        0x0 ./event_groups.o
 .data          0x008000c9        0x0 ./heap_1.o
 .data          0x008000c9        0x0 ./keypad.o
 .data          0x008000c9        0x0 ./lcd.o
 .data          0x008000c9        0x0 ./list.o
 .data          0x008000c9        0xa ./main.o
 .data          0x008000d3        0x0 ./port.o
 .data          0x008000d3        0x0 ./queue.o
 .data          0x008000d3        0x0 ./stream_buffer.o
 .data          0x008000d3        0x5 ./tasks.o
 .data          0x008000d8        0x0 ./timers.o
 .data          0x008000d8        0x0 e:/imt/sdk/imt_sdk_win_64/winavr/bin/../lib/gcc/avr/4.3.3/avr5\libgcc.a(_exit.o)
 .data          0x008000d8        0x0 e:/imt/sdk/imt_sdk_win_64/winavr/bin/../lib/gcc/avr/4.3.3/avr5\libgcc.a(_copy_data.o)
 .data          0x008000d8        0x0 e:/imt/sdk/imt_sdk_win_64/winavr/bin/../lib/gcc/avr/4.3.3/avr5\libgcc.a(_clear_bss.o)
 .data          0x008000d8        0x0 e:/imt/sdk/imt_sdk_win_64/winavr/bin/../lib/gcc/avr/4.3.3/../../../../avr/lib/avr5\libc.a(memcpy.o)
 .data          0x008000d8        0x0 e:/imt/sdk/imt_sdk_win_64/winavr/bin/../lib/gcc/avr/4.3.3/../../../../avr/lib/avr5\libc.a(memset.o)
 .data          0x008000d8        0x0 e:/imt/sdk/imt_sdk_win_64/winavr/bin/../lib/gcc/avr/4.3.3/../../../../avr/lib/avr5\libc.a(itoa.o)
 .data          0x008000d8        0x0 e:/imt/sdk/imt_sdk_win_64/winavr/bin/../lib/gcc/avr/4.3.3/../../../../avr/lib/avr5\libc.a(strrev.o)
 .data          0x008000d8        0x0 e:/imt/sdk/imt_sdk_win_64/winavr/bin/../lib/gcc/avr/4.3.3/avr5\libgcc.a(_udivmodhi4.o)
 *(.data*)
 .data.UART_Config
                0x008000d8        0xd ./UART_cfg.o
                0x008000d8                UART_Config
 *(.rodata)
 *(.rodata*)
 *(.gnu.linkonce.d*)
                0x008000e6                . = ALIGN (0x2)
 *fill*         0x008000e5        0x1 00
                0x008000e6                _edata = .
                0x008000e6                PROVIDE (__data_end, .)

.bss            0x008000e6      0x657
                0x008000e6                PROVIDE (__bss_start, .)
 *(.bss)
 .bss           0x008000e6        0x0 e:/imt/sdk/imt_sdk_win_64/winavr/bin/../lib/gcc/avr/4.3.3/../../../../avr/lib/avr5/crtm32.o
 .bss           0x008000e6        0x0 ./DIO.o
 .bss           0x008000e6        0x0 ./PushButton.o
 .bss           0x008000e6        0x0 ./UART.o
 .bss           0x008000e6        0x0 ./UART_cfg.o
 .bss           0x008000e6        0x0 ./UserTasks.o
 .bss           0x008000e6        0x0 ./croutine.o
 .bss           0x008000e6        0x0 ./event_groups.o
 .bss           0x008000e6        0x0 ./heap_1.o
 .bss           0x008000e6        0x0 ./keypad.o
 .bss           0x008000e6        0x0 ./lcd.o
 .bss           0x008000e6        0x0 ./list.o
 .bss           0x008000e6        0x0 ./main.o
 .bss           0x008000e6        0x0 ./port.o
 .bss           0x008000e6        0x0 ./queue.o
 .bss           0x008000e6        0x0 ./stream_buffer.o
 .bss           0x008000e6        0x0 ./tasks.o
 .bss           0x008000e6        0x0 ./timers.o
 .bss           0x008000e6        0x0 e:/imt/sdk/imt_sdk_win_64/winavr/bin/../lib/gcc/avr/4.3.3/avr5\libgcc.a(_exit.o)
 .bss           0x008000e6        0x0 e:/imt/sdk/imt_sdk_win_64/winavr/bin/../lib/gcc/avr/4.3.3/avr5\libgcc.a(_copy_data.o)
 .bss           0x008000e6        0x0 e:/imt/sdk/imt_sdk_win_64/winavr/bin/../lib/gcc/avr/4.3.3/avr5\libgcc.a(_clear_bss.o)
 .bss           0x008000e6        0x0 e:/imt/sdk/imt_sdk_win_64/winavr/bin/../lib/gcc/avr/4.3.3/../../../../avr/lib/avr5\libc.a(memcpy.o)
 .bss           0x008000e6        0x0 e:/imt/sdk/imt_sdk_win_64/winavr/bin/../lib/gcc/avr/4.3.3/../../../../avr/lib/avr5\libc.a(memset.o)
 .bss           0x008000e6        0x0 e:/imt/sdk/imt_sdk_win_64/winavr/bin/../lib/gcc/avr/4.3.3/../../../../avr/lib/avr5\libc.a(itoa.o)
 .bss           0x008000e6        0x0 e:/imt/sdk/imt_sdk_win_64/winavr/bin/../lib/gcc/avr/4.3.3/../../../../avr/lib/avr5\libc.a(strrev.o)
 .bss           0x008000e6        0x0 e:/imt/sdk/imt_sdk_win_64/winavr/bin/../lib/gcc/avr/4.3.3/avr5\libgcc.a(_udivmodhi4.o)
 *(.bss*)
 .bss.InitTask_Flag
                0x008000e6        0x2 ./UserTasks.o
                0x008000e6                InitTask_Flag
 .bss.Queue_PushButton
                0x008000e8        0x2 ./UserTasks.o
 .bss.Queue_ReceivedUART_Task
                0x008000ea        0x2 ./UserTasks.o
 .bss.Queue_Keypad_Task
                0x008000ec        0x2 ./UserTasks.o
 .bss.xNextFreeByte
                0x008000ee        0x2 ./heap_1.o
 .bss.pucAlignedHeap.1645
                0x008000f0        0x2 ./heap_1.o
 .bss.ucHeap    0x008000f2      0x5dc ./heap_1.o
 .bss.pxCurrentTCB
                0x008006ce        0x2 ./tasks.o
                0x008006ce                pxCurrentTCB
 .bss.uxDeletedTasksWaitingCleanUp
                0x008006d0        0x1 ./tasks.o
 .bss.uxCurrentNumberOfTasks
                0x008006d1        0x1 ./tasks.o
 .bss.xTickCount
                0x008006d2        0x2 ./tasks.o
 .bss.uxTopReadyPriority
                0x008006d4        0x1 ./tasks.o
 .bss.xSchedulerRunning
                0x008006d5        0x1 ./tasks.o
 .bss.uxPendedTicks
                0x008006d6        0x1 ./tasks.o
 .bss.xYieldPending
                0x008006d7        0x1 ./tasks.o
 .bss.xNumOfOverflows
                0x008006d8        0x1 ./tasks.o
 .bss.uxTaskNumber
                0x008006d9        0x1 ./tasks.o
 .bss.xNextTaskUnblockTime
                0x008006da        0x2 ./tasks.o
 .bss.xIdleTaskHandle
                0x008006dc        0x2 ./tasks.o
 .bss.uxSchedulerSuspended
                0x008006de        0x1 ./tasks.o
 .bss.pxReadyTasksLists
                0x008006df       0x2d ./tasks.o
 .bss.xDelayedTaskList1
                0x0080070c        0x9 ./tasks.o
 .bss.xDelayedTaskList2
                0x00800715        0x9 ./tasks.o
 .bss.pxDelayedTaskList
                0x0080071e        0x2 ./tasks.o
 .bss.pxOverflowDelayedTaskList
                0x00800720        0x2 ./tasks.o
 .bss.xPendingReadyList
                0x00800722        0x9 ./tasks.o
 .bss.xTasksWaitingTermination
                0x0080072b        0x9 ./tasks.o
 .bss.xSuspendedTaskList
                0x00800734        0x9 ./tasks.o
 *(COMMON)
                0x0080073d                PROVIDE (__bss_end, .)
                0x00005ffa                __data_load_start = LOADADDR (.data)
                0x00006080                __data_load_end = (__data_load_start + SIZEOF (.data))

.noinit         0x0080073d        0x0
                0x0080073d                PROVIDE (__noinit_start, .)
 *(.noinit*)
                0x0080073d                PROVIDE (__noinit_end, .)
                0x0080073d                _end = .
                0x0080073d                PROVIDE (__heap_start, .)

.eeprom         0x00810000        0x0
 *(.eeprom*)
                0x00810000                __eeprom_end = .

.fuse
 *(.fuse)
 *(.lfuse)
 *(.hfuse)
 *(.efuse)

.lock
 *(.lock*)

.signature
 *(.signature*)

.stab           0x00000000     0xa0ec
 *(.stab)
 .stab          0x00000000      0x474 ./DIO.o
 .stab          0x00000474      0x1e0 ./PushButton.o
                                0x294 (size before relaxing)
 .stab          0x00000654      0xad4 ./UART.o
                                0xb70 (size before relaxing)
 .stab          0x00001128      0x114 ./UART_cfg.o
                                0x288 (size before relaxing)
 .stab          0x0000123c      0xf00 ./UserTasks.o
                               0x108c (size before relaxing)
 .stab          0x0000213c      0x1bc ./croutine.o
                                0x630 (size before relaxing)
 .stab          0x000022f8      0xde0 ./event_groups.o
                               0x111c (size before relaxing)
 .stab          0x000030d8      0x30c ./heap_1.o
                                0x7bc (size before relaxing)
 .stab          0x000033e4      0x3cc ./keypad.o
                                0x480 (size before relaxing)
 .stab          0x000037b0      0x5a0 ./lcd.o
                                0x7bc (size before relaxing)
 .stab          0x00003d50      0x474 ./list.o
                                0x858 (size before relaxing)
 .stab          0x000041c4      0x1ec ./main.o
                                0x7ec (size before relaxing)
 .stab          0x000043b0      0x840 ./port.o
                                0xce4 (size before relaxing)
 .stab          0x00004bf0     0x1a58 ./queue.o
                               0x1f38 (size before relaxing)
 .stab          0x00006648     0x1608 ./stream_buffer.o
                               0x1a4c (size before relaxing)
 .stab          0x00007c50     0x22f8 ./tasks.o
                               0x27d8 (size before relaxing)
 .stab          0x00009f48      0x1a4 ./timers.o
                                0x6b4 (size before relaxing)

.stabstr        0x00000000     0x4fef
 *(.stabstr)
 .stabstr       0x00000000     0x4fef ./DIO.o

.stab.excl
 *(.stab.excl)

.stab.exclstr
 *(.stab.exclstr)

.stab.index
 *(.stab.index)

.stab.indexstr
 *(.stab.indexstr)

.comment
 *(.comment)

.debug
 *(.debug)

.line
 *(.line)

.debug_srcinfo
 *(.debug_srcinfo)

.debug_sfnames
 *(.debug_sfnames)

.debug_aranges
 *(.debug_aranges)

.debug_pubnames
 *(.debug_pubnames)

.debug_info
 *(.debug_info)
 *(.gnu.linkonce.wi.*)

.debug_abbrev
 *(.debug_abbrev)

.debug_line
 *(.debug_line)

.debug_frame
 *(.debug_frame)

.debug_str
 *(.debug_str)

.debug_loc
 *(.debug_loc)

.debug_macinfo
 *(.debug_macinfo)
OUTPUT(FreeRTOS_SprintsChallenges_FinalProject.elf elf32-avr)
LOAD linker stubs
